// Jest Snapshot v1, https://goo.gl/fbAQLP

exports[`should render Hotel Link correctly 1`] = `
ShallowWrapper {
  "length": 1,
  Symbol(enzyme.__root__): [Circular],
  Symbol(enzyme.__unrendered__): <HotelLink
    hotelName="Test Sunset Willow Resort"
    id={0}
/>,
  Symbol(enzyme.__renderer__): Object {
    "batchedUpdates": [Function],
    "getNode": [Function],
    "render": [Function],
    "simulateEvent": [Function],
    "unmount": [Function],
  },
  Symbol(enzyme.__node__): Object {
    "instance": null,
    "key": undefined,
    "nodeType": "function",
    "props": Object {
      "activeClassName": "active",
      "ariaCurrent": "true",
      "children": "Test Sunset Willow Resort",
      "className": "question",
      "to": "/question/0",
    },
    "ref": null,
    "rendered": "Test Sunset Willow Resort",
    "type": [Function],
  },
  Symbol(enzyme.__nodes__): Array [
    Object {
      "instance": null,
      "key": undefined,
      "nodeType": "function",
      "props": Object {
        "activeClassName": "active",
        "ariaCurrent": "true",
        "children": "Test Sunset Willow Resort",
        "className": "question",
        "to": "/question/0",
      },
      "ref": null,
      "rendered": "Test Sunset Willow Resort",
      "type": [Function],
    },
  ],
  Symbol(enzyme.__options__): Object {
    "adapter": ReactSixteenAdapter {
      "options": Object {
        "enableComponentDidUpdateOnSetState": true,
      },
    },
  },
}
`;
