// Jest Snapshot v1, https://goo.gl/fbAQLP

exports[`should render Header correctly 1`] = `
<header
  className="header"
>
  <Logo />
  <form
    action="#"
    className="search"
  >
    <input
      className="search__input"
      placeholder="Search hotels"
      type="text"
    />
  </form>
  <LogoutButton />
  <LoginButton />
</header>
`;
