// Jest Snapshot v1, https://goo.gl/fbAQLP

exports[`should render Header correctly 1`] = `
<header
  className="header"
>
  <Logo />
  <Connect(Search) />
  <button
    className="button is-success"
    onClick={[Function]}
  >
    Login
    <Check
      height={20}
      width={20}
    />
  </button>
  <ModalWindow
    closeModal={[Function]}
    component={<Connect(AuthSystem) />}
    isOpen={false}
  />
</header>
`;
