// Jest Snapshot v1, https://goo.gl/fbAQLP

exports[`should render Hotel Link correctly 1`] = `
<div
  className="hotel__details--name"
>
  <NavLink
    activeClassName="active"
    ariaCurrent="true"
    className="hotel__link"
    to="/hotel/0"
  >
    Test Sunset Willow Resort
  </NavLink>
  <div
    className="hotel__details--adressBox"
  >
    <span
      className="hotel__details--adress"
    />
    <p
      className="hotel__details--distance"
    >
      (
      <span
        className="hotel__details--distanceValue"
      />
       km from center)
    </p>
  </div>
</div>
`;
