// Jest Snapshot v1, https://goo.gl/fbAQLP

exports[`should render Navigation component corectlly 1`] = `
"<Fragment>
  <nav className=\\"side-navigation\\">
    <Logo />
    <ul className=\\"side-navigation__container\\">
      <li className=\\"side-navigation__item side-navigation__item--active\\" onClick={[Function: bound ]}>
        <NavLink to=\\"/\\" className=\\"side-navigation__link\\" />
      </li>
      <li className=\\"side-navigation__item\\" onClick={[Function: bound ]}>
        <NavLink to=\\"/buy\\" className=\\"side-navigation__link\\" />
      </li>
      <li className=\\"side-navigation__item\\" onClick={[Function: bound ]}>
        <NavLink to=\\"/reservation\\" className=\\"side-navigation__link\\" />
      </li>
      <li className=\\"side-navigation__item\\" onClick={[Function: bound ]}>
        <NavLink to=\\"/add\\" className=\\"side-navigation__link\\" />
      </li>
    </ul>
  </nav>
</Fragment>"
`;
