// Jest Snapshot v1, https://goo.gl/fbAQLP

exports[`should render Navigation component corectlly 1`] = `
"<Fragment>
  <nav className=\\"side-navigation\\">
    <Logo />
    <ul className=\\"side-navigation__container\\">
      <SideMenuLink activeOnlyWhenExact={true} to=\\"/\\" />
      <SideMenuLink to=\\"/buy\\" />
      <SideMenuLink to=\\"/reservation\\" />
      <SideMenuLink to=\\"/add\\" />
    </ul>
  </nav>
</Fragment>"
`;
