// Jest Snapshot v1, https://goo.gl/fbAQLP

exports[`should render NoMatch component correctly 1`] = `
"<div className=\\"noMatch\\">
  <h1 className=\\"noMatch__header\\">
    404
  </h1>
  <h2 className=\\"noMatch__subHeader\\">
    Oops! page not found
  </h2>
  <Link to=\\"/\\" className=\\"button is-primary\\">
    Home
  </Link>
</div>"
`;
